{
  "follow": {
    "status": "removed",
    "value": false
  },
  "host": {
    "status": "unchanged",
    "value": "hexlet.io"
  },
  "proxy": {
    "status": "removed",
    "value": "123.234.53.22"
  },
  "timeout": {
    "status": "updated",
    "oldValue": 50,
    "newValue": 20
  },
  "verbose": {
    "status": "added",
    "value": true
  }
}